../Core/Src/main.c:74:5:main	88	static
../Core/Src/main.c:198:6:SystemClock_Config	88	static
../Core/Src/main.c:246:13:MX_ADC1_Init	56	static
../Core/Src/main.c:378:13:MX_USART3_UART_Init	8	static
../Core/Src/main.c:411:13:MX_DMA_Init	16	static
../Core/Src/main.c:429:13:MX_GPIO_Init	48	static
../Core/Src/main.c:456:6:HAL_ADC_ConvHalfCpltCallback	16	static
../Core/Src/main.c:462:6:HAL_ADC_ConvCpltCallback	16	static
../Core/Src/main.c:467:6:displayHEX	128	static
../Core/Src/main.c:479:5:average_8	16	static
../Core/Src/main.c:492:5:average_16	16	static
../Core/Src/main.c:512:6:Error_Handler	4	static,ignoring_inline_asm
