../Core/Src/main.c:98:5:main	24	static
../Core/Src/main.c:186:6:SystemClock_Config	88	static
../Core/Src/main.c:244:13:MX_ETH_Init	8	static
../Core/Src/main.c:293:13:MX_TIM1_Init	40	static
../Core/Src/main.c:340:13:MX_TIM2_Init	40	static
../Core/Src/main.c:385:13:MX_USART3_UART_Init	8	static
../Core/Src/main.c:420:13:MX_USB_OTG_FS_PCD_Init	8	static
../Core/Src/main.c:455:13:MX_GPIO_Init	56	static
../Core/Src/main.c:506:6:displayNumber	120	static
../Core/Src/main.c:523:6:Error_Handler	4	static,ignoring_inline_asm
