23:14:50 **** Build of configuration Debug for project Lab7_1 ****
make -j12 all 
arm-none-eabi-gcc "../Core/Src/main.c" -mcpu=cortex-m7 -std=gnu11 -g3 -DDEBUG -DUSE_HAL_DRIVER -DSTM32F767xx -c -I../Core/Inc -I../Drivers/STM32F7xx_HAL_Driver/Inc -I../Drivers/STM32F7xx_HAL_Driver/Inc/Legacy -I../Drivers/CMSIS/Device/ST/STM32F7xx/Include -I../Drivers/CMSIS/Include -O0 -ffunction-sections -fdata-sections -Wall -fstack-usage -fcyclomatic-complexity -MMD -MP -MF"Core/Src/main.d" -MT"Core/Src/main.o" --specs=nano.specs -mfpu=fpv5-d16 -mfloat-abi=hard -mthumb -o "Core/Src/main.o"
arm-none-eabi-gcc -o "Lab7_1.elf" @"objects.list"   -mcpu=cortex-m7 -T"C:\Users\User\STM32CubeIDE\MAD_Lab\Lab7_1\STM32F767ZITX_FLASH.ld" --specs=nosys.specs -Wl,-Map="Lab7_1.map" -Wl,--gc-sections -static --specs=nano.specs -mfpu=fpv5-d16 -mfloat-abi=hard -mthumb -Wl,--start-group -lc -lm -Wl,--end-group
Finished building target: Lab7_1.elf
 
arm-none-eabi-size   Lab7_1.elf 
arm-none-eabi-objdump -h -S  Lab7_1.elf  > "Lab7_1.list"
   text	   data	    bss	    dec	    hex	filename
  24832	    340	   3332	  28504	   6f58	Lab7_1.elf
Finished building: default.size.stdout
 
Finished building: Lab7_1.list
 

23:14:55 Build Finished. 0 errors, 0 warnings. (took 4s.436ms)

